{
    "officeId": 1,
    "officeCode": "code",
    "officeName": "\u4e8b\u696d\u6240\u30c6\u30b9\u30c8"
}
