// Jest Snapshot v1, https://goo.gl/fbAQLP

exports[`z-user-billing-item-card.vue should be rendered correctly 1`] = `
<div>
  <div
    class="mt-2 z-data-card-stub"
  >
    <div
      class="z-data-card-stub-slot-actions"
    />
    <z-data-card-item-stub
      icon="M13.92 11H18V13H13V15H18V17H13V21H11V17H6V15H11V13H6V11H10.08L5 3H7.37L12 10.29L16.63 3H19L13.92 11Z"
      label="税抜金額(10%)"
      value="144,899円"
    />
    <z-data-card-item-stub
      label="消費税額(10%)"
      value="14,487円"
    />
    <z-data-card-item-stub
      label="税抜金額(8%)"
      value="0円"
    />
    <z-data-card-item-stub
      label="消費税額(8%)"
      value="0円"
    />
    <z-data-card-item-stub
      label="繰越金額"
      value="-50円"
    />
    <z-data-card-item-stub
      label="合計"
      value="200円"
    />
    <z-data-card-item-stub
      label="医療費控除対象額"
      value="288,145円"
    />
    <v-card-actions-stub
      tag="div"
    >
      <v-spacer-stub
        tag="div"
      />
      <a
        class="v-btn-stub"
        color="primary"
        data-carried-over-amount-button=""
        text=""
      >
        繰越金額を変更する
      </a>
    </v-card-actions-stub>
    <div
      class="z-data-card-stub-slot-header"
    />
  </div>
  <v-dialog-stub
    closedelay="0"
    contentclass=""
    data-carried-over-amount-dialog=""
    opendelay="0"
    origin="center center"
    persistent="true"
    retainfocus="true"
    transition="dialog-transition"
    width="550"
  >
    <v-card-stub
      loaderheight="4"
      tag="div"
    >
      <!---->
      <v-card-text-stub
        tag="div"
      >
        <p
          class="message"
        >
          繰越金額を入力して実行を押してください。
        </p>
        <div>
          <z-data-card-item-stub
            icon="M13.92 11H18V13H13V15H18V17H13V21H11V17H6V15H11V13H6V11H10.08L5 3H7.37L12 10.29L16.63 3H19L13.92 11Z"
            label="合計"
            value="200円"
          />
          <z-data-card-item-stub
            label="現在の繰越金額"
            value="-50円"
          />
          <z-form-card-item-set-stub
            icon=""
            label=""
          >
            <div
              class="root"
              data-carried-over-amount-form=""
              data-z-form-card-item=""
            >
              <div
                class="v-input z-text-field--numeric v-input--is-label-active v-input--is-dirty v-input--dense theme--light v-text-field v-text-field--enclosed v-text-field--outlined textField"
              >
                <div
                  class="v-input__control"
                >
                  <div
                    class="v-input__slot"
                    style="background-color: rgb(241, 246, 250); border-color: #f1f6fa;"
                  >
                    <fieldset
                      aria-hidden="true"
                    >
                      <legend
                        style="width: 0px;"
                      >
                        <span
                          class="notranslate"
                        >
                          ​
                        </span>
                      </legend>
                    </fieldset>
                    <div
                      class="v-text-field__slot"
                    >
                      <label
                        class="v-label v-label--active theme--light"
                        style="left: 0px; position: absolute;"
                      >
                        変更後の繰越金額 *
                      </label>
                      <input
                        type="text"
                      />
                      <div
                        class="v-text-field__suffix"
                      >
                        円
                      </div>
                    </div>
                  </div>
                  <div
                    class="v-text-field__details"
                  >
                    <div
                      class="v-messages theme--light"
                    >
                      <transition-group-stub
                        class="v-messages__wrapper"
                        name="message-transition"
                        tag="div"
                      />
                    </div>
                  </div>
                </div>
              </div>
            </div>
          </z-form-card-item-set-stub>
        </div>
      </v-card-text-stub>
      <v-card-actions-stub
        tag="div"
      >
        <v-spacer-stub
          tag="div"
        />
        <a
          class="v-btn-stub"
          color="grey"
          data-button-negative=""
          text=""
        >
          <span>
            キャンセル
          </span>
        </a>
        <a
          class="v-btn-stub"
          color="primary"
          data-button-positive=""
          text=""
          type="submit"
        >
          <span>
            保存
          </span>
        </a>
      </v-card-actions-stub>
    </v-card-stub>
  </v-dialog-stub>
</div>
`;
