{
    "summaryIndex": 1,
    "category": 12,
    "recurrence": 13,
    "dayOfWeeks": [
        1,
        3
    ],
    "slot": {
        "start": "08:00",
        "end": "16:00"
    },
    "headcount": 2,
    "ownExpenseProgramId": 1,
    "options": [
        100002
    ],
    "contents": [
        {
            "menuId": 1,
            "duration": 60,
            "content": "\u6383\u9664",
            "memo": "\u7279\u306b\u306a\u3057"
        }
    ],
    "note": "\u5099\u8003"
}
