physicalCare: '1.5'
physicalCare100: '1.5'
physicalCare70: ''
physicalCarePwsd: ''
accompanyWithPhysicalCare: '2.5'
accompanyWithPhysicalCare100: '2.5'
accompanyWithPhysicalCare70: ''
accompanyWithPhysicalCarePwsd: ''
housework: '1'
housework100: '1'
housework90: ''
houseworkPwsd: '1'
accompany: '3'
accompany100: '3'
accompany90: ''
accompanyPwsd: ''
accessibleTaxi: '3.5'
accessibleTaxi100: '3.5'
accessibleTaxi90: ''
accessibleTaxiPwsd: ''
visitingCareForPwsd: ''
outingSupportForPwsd: ''
