id: null
dwsBillingId: 3
dwsBillingBundleId: 1
user:
    userId: 1
    dwsCertificationId: 10
    dwsNumber: '0123456789'
    name: ナマエ
    childName: オナマエ
    copayLimit: 10000
format: '0101'
plan:
    -
        11: {  }
result:
    -
        11: {  }
emergencyCount: null
firstTimeCount: 150
welfareSpecialistCooperationCount: 150
behavioralDisorderSupportCooperationCount: 150
movingCareSupportCount: 150
items:
    -
        id: null
        dwsBillingId: null
        dwsBillingBundleId: null
        user: null
        format: null
        plan: null
        result: null
        emergencyCount: null
        firstTimeCount: null
        welfareSpecialistCooperationCount: null
        behavioralDisorderSupportCooperationCount: null
        movingCareSupportCount: null
        items: null
        status: null
        fixedAt: null
        createdAt: null
        updatedAt: null
status: 10
fixedAt: null
createdAt: null
updatedAt: null
