{
    "id": 1,
    "dwsBillingId": 1,
    "providedIn": "2019-05-15T00:00:00+0900",
    "cityCode": "123456",
    "cityName": "\u6771\u4eac\u90fd\u4e2d\u91ce\u533a",
    "createdAt": null,
    "updatedAt": null
}
