serviceName: テスト用サービス
serviceCode: '111111'
unitScore: '1124'
count: ' 11'
totalScore: ' 6256'
