{
    "office": {
        "officeId": 1,
        "code": "1176514840",
        "name": "\u571f\u5c4b\u8a2a\u554f\u4ecb\u8b77\u4e8b\u696d\u6240 \u3055\u3044\u305f\u307e",
        "abbr": "\u3055\u3044\u305f\u307e",
        "addr": {
            "postcode": "164-0011",
            "prefecture": 13,
            "city": "\u4e2d\u91ce\u533a",
            "street": "\u4e2d\u592e1-35-6",
            "apartment": "\u30ec\u30c3\u30c1\u30d5\u30a3\u30fc\u30eb\u30c9\u4e2d\u91ce\u5742\u4e0a\u30d3\u30eb6F"
        },
        "tel": "050-3188-7637"
    },
    "providedIn": {
        "japaneseCalender": "",
        "year": "",
        "month": "",
        "day": ""
    },
    "insurance": {
        "statementCount": null,
        "totalScore": null,
        "totalFee": null,
        "insuranceAmount": null,
        "subsidyAmount": null,
        "copayAmount": null
    },
    "subsidy": {
        "items": null,
        "subsidyAmountTotal": null
    }
}
