id: 99199065
billingId: 95169479
providedIn: '2007-02-22T00:00:00+09:00'
details: {  }
createdAt: '2009-04-30T19:10:16+09:00'
updatedAt: '2017-10-24T20:09:42+09:00'
