// Jest Snapshot v1, https://goo.gl/fbAQLP

exports[`api/dws-projects-api create should throw an AxiosError when failed to request 1`] = `"Request failed with status code 400"`;

exports[`api/dws-projects-api get should throw an AxiosError when failed to request 1`] = `"Request failed with status code 400"`;

exports[`api/dws-projects-api update should throw an AxiosError when failed to request 1`] = `"Request failed with status code 400"`;
