postcode: 984-0056
prefecture: 4
city: 仙台市
street: 若林区成田町16番地の2
apartment: ロイヤルヒルズ成田町403号
