-
    id: 1
    userId: 1
    category: 123000
    isEmergency: false
    isFirst: false
    isBehavioralDisorderSupportCooperation: false
    providedOn: '2021-01-23T00:00:00+09:00'
    range:
        start: '2021-01-23T04:00:00+09:00'
        end: '2021-01-23T15:00:00+09:00'
    fragments:
        -
            isHospitalized: false
            isLongHospitalized: false
            isCoaching: false
            isMoving: false
            isSecondary: false
            movingDurationMinutes: 0
            range:
                start: '2021-01-23T04:00:00+09:00'
                end: '2021-01-23T07:00:00+09:00'
            headcount: 1
        -
            isHospitalized: false
            isLongHospitalized: false
            isCoaching: false
            isMoving: false
            isSecondary: false
            movingDurationMinutes: 0
            range:
                start: '2021-01-23T08:00:00+09:00'
                end: '2021-01-23T11:00:00+09:00'
            headcount: 1
        -
            isHospitalized: false
            isLongHospitalized: false
            isCoaching: false
            isMoving: false
            isSecondary: false
            movingDurationMinutes: 0
            range:
                start: '2021-01-23T12:00:00+09:00'
                end: '2021-01-23T15:00:00+09:00'
            headcount: 1
