-
    id: 1
    userId: 1
    category: 111000
    buildingType: 0
    isEmergency: false
    isFirst: false
    isWelfareSpecialistCooperation: false
    isPlannedByNovice: false
    range:
        start: '2021-01-23T10:00:00+09:00'
        end: '2021-01-23T13:00:00+09:00'
    fragments:
        -
            providerType: 0
            isSecondary: false
            range:
                start: '2021-01-23T10:00:00+09:00'
                end: '2021-01-23T12:00:00+09:00'
            headcount: 1
        -
            providerType: 1
            isSecondary: false
            range:
                start: '2021-01-23T11:00:00+09:00'
                end: '2021-01-23T13:00:00+09:00'
            headcount: 1
