{
    "21": {
        "5": 80000
    },
    "22": {
        "5": 0
    }
}
