{
    "11": {
        "1": 80000,
        "3": 0,
        "4": 0,
        "5": 80000
    },
    "12": {
        "1": 0,
        "3": 0,
        "4": 0,
        "5": 0
    },
    "13": {
        "1": 0,
        "2": 0,
        "5": 0
    },
    "14": {
        "1": 0,
        "2": 0,
        "5": 0
    },
    "15": {
        "1": 0,
        "2": 0,
        "5": 0
    }
}
