{
    "bankingClientCode": "0123456789",
    "bankingClientName": "\uff72\uff80\uff78\uff7c\uff6c\uff92\uff72",
    "createdAt": "2019-05-15T00:00:00+0900",
    "updatedAt": "2019-05-15T00:00:00+0900"
}
