providedIn: '2020-10-01T00:00:00+09:00'
insNumber: '0123456789'
userName: '固定 値用'
entries:
    -
        officeName: 事業所テスト
        officeCode: '1370406140'
        serviceName: 身体介護1
        serviceCode: '111111'
        unitScore: '250'
        count: '1'
        wholeScore: '0'
        maxBenefitQuotaExcessScore: ''
        maxBenefitExcessScore: ''
        scoreWithinMaxBenefitQuota: ''
        scoreWithinMaxBenefit: ''
        unitCost: '11.20'
        totalFeeForInsuranceOrBusiness: '0'
        benefitRate: '90'
        claimAmountForInsuranceOrBusiness: '0'
        copayForInsuranceOrBusiness: '0'
        copayWholeExpense: ''
maxBenefit: '27,048'
totalScoreTotal: '0'
maxBenefitExcessScoreTotal: '0'
scoreWithinMaxBenefitTotal: '0'
totalFeeForInsuranceOrBusinessTotal: '0'
claimAmountForInsuranceOrBusinessTotal: '0'
copayForInsuranceOrBusinessTotal: '0'
copayWholeExpenseTotal: '0'
insuranceClaimAmount: '0'
subsidyClaimAmount: '0'
copayAmount: '0'
unitCost: '11.20'
