{
    "managedTotalEntry": {
        "scoreWithinMaxBenefitQuota": 480,
        "scoreWithinMaxBenefit": 440,
        "totalFeeForInsuranceOrBusiness": 501,
        "claimAmountForInsuranceOrBusiness": 400,
        "copayForInsuranceOrBusiness": 101,
        "copayWholeExpense": 69,
        "officeName": "\u4e8b\u696d\u6240\u540d",
        "officeCode": "0123456789",
        "serviceName": "\u8a2a\u554f\u4ecb\u8b77 \u5408\u8a08",
        "serviceCode": "",
        "unitScore": 0,
        "count": 0,
        "wholeScore": 500,
        "maxBenefitQuotaExcessScore": 20,
        "maxBenefitExcessScore": 40,
        "unitCost": 11400,
        "benefitRate": 80
    },
    "totalScoreTotal": 500,
    "maxBenefitExcessScoreTotal": 40,
    "scoreWithinMaxBenefitTotal": 440,
    "totalFeeForInsuranceOrBusinessTotal": 530,
    "claimAmountForInsuranceOrBusinessTotal": 423,
    "copayForInsuranceOrBusinessTotal": 107,
    "copayWholeExpenseTotal": 118,
    "providedIn": "2019-05-15T00:00:00+0900",
    "insNumber": "123456789",
    "userName": "\u540d\u524d",
    "unmanagedEntries": [
        {
            "scoreWithinMaxBenefitQuota": 66,
            "scoreWithinMaxBenefit": 26,
            "totalFeeForInsuranceOrBusiness": 29,
            "claimAmountForInsuranceOrBusiness": 23,
            "copayForInsuranceOrBusiness": 6,
            "copayWholeExpense": 49,
            "officeName": "\u4e8b\u696d\u6240\u540d",
            "officeCode": "0123456789",
            "serviceName": "\u8a2a\u554f\u4ecb\u8b77\u51e6\u9047\u6539\u5584\u52a0\u7b97\u2160",
            "serviceCode": "116275",
            "unitScore": 60,
            "count": 1,
            "wholeScore": 69,
            "maxBenefitQuotaExcessScore": 3,
            "maxBenefitExcessScore": 40,
            "unitCost": 11400,
            "benefitRate": 80
        }
    ],
    "managedEntries": [
        {
            "scoreWithinMaxBenefitQuota": 480,
            "scoreWithinMaxBenefit": 440,
            "totalFeeForInsuranceOrBusiness": 501,
            "claimAmountForInsuranceOrBusiness": 400,
            "copayForInsuranceOrBusiness": 101,
            "copayWholeExpense": 69,
            "officeName": "\u4e8b\u696d\u6240\u540d",
            "officeCode": "0123456789",
            "serviceName": "\u8eab\u4f53\u4ecb\u8b771",
            "serviceCode": "111111",
            "unitScore": 250,
            "count": 2,
            "wholeScore": 500,
            "maxBenefitQuotaExcessScore": 20,
            "maxBenefitExcessScore": 40,
            "unitCost": 11400,
            "benefitRate": 80
        }
    ],
    "maxBenefit": 36217,
    "insuranceClaimAmount": 29373,
    "subsidyClaimAmount": 0,
    "copayAmount": 10000,
    "unitCost": 11400
}
