providedIn: '2022-01-01T00:00:00+09:00'
insNumber: '0123456789'
userName: テスト名前
entries:
    -
        officeName: '土屋訪問介護事業所 新宿'
        officeCode: '1370406140'
        serviceName: 身体介護1
        serviceCode: '111111'
        unitScore: '250'
        count: '8'
        wholeScore: '2,000'
        maxBenefitQuotaExcessScore: '0'
        maxBenefitExcessScore: '0'
        scoreWithinMaxBenefitQuota: '0'
        scoreWithinMaxBenefit: '0'
        unitCost: '1140.00'
        totalFeeForInsuranceOrBusiness: '0'
        benefitRate: '0'
        claimAmountForInsuranceOrBusiness: '0'
        copayForInsuranceOrBusiness: '0'
        copayWholeExpense: '0'
maxBenefit: '36,127'
totalScoreTotal: '10,000'
maxBenefitExcessScoreTotal: '10,000'
scoreWithinMaxBenefitTotal: '10,000'
totalFeeForInsuranceOrBusinessTotal: '10,000'
claimAmountForInsuranceOrBusinessTotal: '10,000'
copayForInsuranceOrBusinessTotal: '10,000'
copayWholeExpenseTotal: '10,000'
insuranceClaimAmount: '10,000'
subsidyClaimAmount: '10,000'
copayAmount: '10,000'
unitCost: '11.10'
