{
    "id": null,
    "userId": 1,
    "effectivatedOn": "2012-11-15T00:00:00+0900",
    "locationAddition": 1,
    "isEnabled": true,
    "createdAt": "2009-10-10T19:11:19+0900",
    "updatedAt": "2016-12-13T03:55:31+0900"
}
