{
    "id": null,
    "userId": 1,
    "period": {
        "start": null,
        "end": null
    },
    "defrayerCategory": 81,
    "defrayerNumber": "12345",
    "recipientNumber": "67890",
    "benefitRate": 10,
    "copay": 20,
    "isEnabled": true,
    "createdAt": "2019-05-15T00:00:00+0900",
    "updatedAt": "2019-05-15T00:00:00+0900"
}
