serviceCode: '111111'
serviceName: 身体介護
unitScore: '1,124'
count: '11'
totalScore: '6,256'
